file/read
3DPorous.msh
grid/quality
define/materials/copy
solid
wood
define/materials/change
wood
concrete
yes
constant
0
yes
constant
0
yes
constant
0
yes
define/models/energy
yes
no
yes
no
no
define/models/viscous/ke-standard
yes
define/models/unsteady-2nd-order
yes
define/operating-conditions/gravity
yes
0
0
-9.8
/define/operating-conditions/operating-temperature
298
/define/models/viscous/buoyancy-effects
yes

define/user-defined/user-defined-memory
4
define/user-defined/compiled-function/compile
libudf
yes
3DPorous.c


define/user-defined/compiled-function/load
libudf
define/materials/change-create 
air

yes
boussinesq
1.225
no
no
no
no
yes
0.0033
no
define/boundary-conditions/fluid
fluid
yes
air
yes
0
1
no
yes
"u_damping::libudf"
1
no
yes
"v_damping::libudf"
1
no
yes
"w_damping::libudf"
1
no
yes
"kinetic_source::libudf"
1
no
yes
"disspation_source::libudf"
1
no
yes
"energy_source::libudf"
no
no
no
0
no
0
no
0
no
0
no
0
no
0
no
no
no
no
yes
no
no
1
no
0
no
0
no
0
no
1
no
0
no
yes
yes
"udf"
"vis_res_Hang::libudf"
yes
yes
"udf"
"vis_res_Hang::libudf"
yes
yes
"udf"
"vis_res_Hang::libudf"
no
yes
yes
"udf"
"ini_res_Hang::libudf"
yes
yes
"udf"
"ini_res_Hang::libudf"
yes
yes
"udf"
"ini_res_Hang::libudf"
0
0
yes
yes
"udf"
"porosity_function_Hang::libudf"
yes
yes
concrete
solve/set/numerics
no
yes
yes
no
no

define/boundary-conditions/wall
urban
0
no 
0 
no
no 
yes
yes
"udf"
"WallFlux_city::libudf"
no 
no 
no 
no
0
no
0.5
no
1

define/boundary-conditions/wall
rural
0
no 
0 
no
no 
yes
yes
"udf"
"WallFlux_rural::libudf"
no 
no 
no 
no
0
no
0.5
no
1


define/boundary-conditions/pressure-outlet
out
no
0
no
298
no
yes
yes
no
1e-6
no
1e-9
no
no
no

solve/set/pv
22
/solve/set/discretization-scheme/mom
1
/solve/set/discretization-scheme/pressure
14
/solve/set/discretization-scheme/k
1
/solve/set/discretization-scheme/e
1
/solve/set/discretization-scheme/temp
1
/solve/set/under-relaxation/density
1.0
/solve/set/under-relaxation/mom
0.7
/solve/set/under-relaxation/temperature
0.7
/solve/set/under-relaxation/pressure
0.3
/solve/monitors/residual/con
0.00001
0.00001
0.00001
0.00001
0.000001
0.00001
0.00001
solve/set/limits
1
50000000000 
1
5000 
1e-14
1e-20
1000000000
solve/set/expert
no
yes
no
no

/solve/initialize/set-defaults/x-velocity
1e-9
/solve/initialize/set-defaults/y-velocity
1e-9
/solve/initialize/set-defaults/z-velocity
0
/solve/initialize/set-defaults/ep
1e-9
/solve/initialize/set-defaults/k
1e-6
/solve/initialize/set-defaults/temp
298

/surface/plane-point
plane-aboveheat
0
0
100
0
0
1

/solve/monitors/surface/set
surf-mon-Surf_u
"Area-Weighted Average"
x-velocity
plane-aboveheat
()
no
no
yes
Moni_Surf_u
1
no
iter

/solve/monitors/surface/set
surf-mon-Surf_v
"Area-Weighted Average"
y-velocity
plane-aboveheat
()
no
no
yes
Moni_Surf_v
1
no
iter

/solve/monitors/surface/set
surf-mon-Surf_T
"Facet Maximum"
temperature
plane-aboveheat
()
no
no
yes
Moni_Surf_T
1
no
iter

solve/initialize/initialize-flow
define/user-defined/execute-on-demand
"UDMInit::libudf"
file/auto-save/data
240
file/auto-save/root
3DPorous.gz
solve/set/time
1
file/auto-save/data
300
solve/set/reporting-interval
1
solve/dual-time-iterate
36000
500
file/auto-save/data
120
file/write-cd
3DPorous_final.gz
exit
