file/read
3B_middle.msh
grid/quality
define/materials/copy
solid
wood
define/materials/change
wood
concrete
yes
constant
0
yes
constant
0
yes
constant
0
yes
define/materials/copy
solid
steel
define/materials/change
steel
soil
yes
constant
1600
yes
constant
350
yes
constant
0.5


define/models/energy
yes
no
yes
no
no
define/models/viscous/ke-standard
yes
define/models/unsteady-1st-order
yes
define/operating-conditions/gravity
yes
0
-9.8
/define/operating-conditions/operating-temperature
298
/define/models/viscous/buoyancy-effects
yes

define/user-defined/user-defined-memory
5
define/user-defined/compiled-function/compile
libudf
yes
2D12hr.c


define/user-defined/compiled-function/load
libudf
define/materials/change-create 
air

yes
boussinesq
1.225
no
no
no
no
yes
0.0033
no
define/boundary-conditions/fluid
fluid
yes
air
yes
0
1
no
yes
"u_damping::libudf"
1
no
yes
"v_damping::libudf"
1
no
yes
"kinetic_source::libudf"
1
no
yes
"disspation_source::libudf"
1
no
yes
"energy_source::libudf"
no
no
no
0
no
0
no
no
no
yes
no
1
no
0
no
yes
yes
"udf"
"vis_res_Hang::libudf"
yes
yes
"udf"
"vis_res_Hang::libudf"
no
yes
yes
"udf"
"ini_res_Hang::libudf"
yes
yes
"udf"
"ini_res_Hang::libudf"
0
0
yes
yes
"udf"
"porosity_function_Hang::libudf"
yes
yes
concrete
solve/set/numerics
no
yes
yes
no
no
1

define/boundary-conditions/wall
building-top
0
no 
0 
no
no
yes
yes
"udf"
"WallFlux_build::libudf"
no 
no 
no 
0
no
0.5
no
1
define/boundary-conditions/wall
street
0
no 
0 
no
no
yes
yes
"udf"
"WallFlux_build::libudf"
no 
no 
no 
0
no
0.5
no
1
define/boundary-conditions/wall
urban
0
no 
0 
no
no
yes
yes
"udf"
"WallFlux_city::libudf"
no 
no 
no 
0
no
0.5
no
1

define/boundary-conditions/wall
rural
0
no 
0 
no
no
yes
yes
"udf"
"WallFlux_rural::libudf"
no 
no 
no 
0
no
0.5
no
1

/define/boundary-conditions/zone-type
side-r
pressure-outlet
define/boundary-conditions/pressure-outlet
side-r
no
0
yes
yes
"udf"
"Temp_p_out::libudf"
no
yes
yes
no
1e-6
no
1e-9
no
no

solve/set/pv
20
/solve/set/discretization-scheme/mom
0
/solve/set/discretization-scheme/pressure
14
/solve/set/discretization-scheme/k
0
/solve/set/discretization-scheme/e
0
/solve/set/discretization-scheme/temp
1
/solve/set/under-relaxation/density
0.4
/solve/set/under-relaxation/mom
0.3
/solve/set/under-relaxation/temperature
0.2
/solve/set/under-relaxation/pressure
0.3
/solve/set/under-relaxation/k
0.4
/solve/set/under-relaxation/e
0.4
/solve/set/under-relaxation/body
0.4
/solve/set/under-relaxation/turb
0.4
/solve/monitors/residual/con
0.001
0.001
0.001
0.000001
0.001
0.001
solve/set/limits
1
50000000000 
1
5000 
1e-14
1e-20
1000000000
solve/set/expert
no
no 
no
no
no
/solve/initialize/set-defaults/x-velocity
1e-9
/solve/initialize/set-defaults/y-velocity
0
/solve/initialize/set-defaults/ep
1
/solve/initialize/set-defaults/k
1
/solve/initialize/set-defaults/temp
298

/surface/line-surface
line-x-middle
0
0
0
2490
/surface/line-surface
line-x-aboveheat
100
10
5000
10
/surface/line-surface
line-x-aboverural
5000
10
55000
10

/solve/monitors/surface/set
surf-mon-Surf_u
"Area-Weighted Average"
x-velocity
line-x-aboveheat
()
no
no
yes
Moni_Surf_u
1
no
iter

/solve/monitors/surface/set
surf-mon-Surf_v
"Area-Weighted Average"
y-velocity
line-x-aboveheat
()
no
no
yes
Moni_Surf_v
1
no
iter

/solve/monitors/surface/set
surf-mon-Surf_T
"Facet Maximum"
temperature
line-x-aboveheat
()
no
no
yes
Moni_Surf_T
1
no
iter

/solve/monitors/surface/set
surf-mon-Surf_T_r
"Facet Maximum"
temperature
line-x-aboverural
()
no
no
yes
Moni_Surf_T_r
1
no
iter

define/user-defined/function-hooks/execute-at-end
"Surf_temp::libudf"
"temp_update::libudf"


file/auto-save/data
120
file/auto-save/root
24sin.gz
solve/initialize/initialize-flow
yes
define/user-defined/execute-on-demand
"Init_UDM::libudf"
define/user-defined/execute-on-demand
"Init_FUDM::libudf"
solve/set/time
1
solve/set/reporting-interval
2
solve/dual-time-iterate
1800
3000
solve/dual-time-iterate
41400
3000

